[
    {
        "type": "parent",
        "key": "common",
        "children": [
            {
                "type": "notChanged",
                "key": "setting1",
                "value": "Value 1"
            },
            {
                "type": "deleted",
                "key": "setting2",
                "value": "200"
            },
            {
                "type": "notChanged",
                "key": "setting3",
                "value": true
            },
            {
                "type": "deleted",
                "key": "setting6",
                "value": {
                    "key": "value"
                }
            },
            {
                "type": "added",
                "key": "setting4",
                "value": "blah blah"
            },
            {
                "type": "added",
                "key": "setting5",
                "value": {
                    "key5": "value5"
                }
            }
        ]
    },
    {
        "type": "parent",
        "key": "group1",
        "children": [
            {
                "type": "changed",
                "key": "baz",
                "oldValue": "bas",
                "newValue": "bars"
            },
            {
                "type": "notChanged",
                "key": "foo",
                "value": "bar"
            }
        ]
    },
    {
        "type": "deleted",
        "key": "group2",
        "value": {
            "abc": "12345"
        }
    },
    {
        "type": "added",
        "key": "group3",
        "value": {
            "fee": "100500"
        }
    }
]